// Jest Snapshot v1, https://goo.gl/fbAQLP

exports[`app_app test app_app should match snapshot 1`] = `<app_app />`;
